// Jest Snapshot v1, https://goo.gl/fbAQLP

exports[`renders 1`] = `
<form
  className="innerForm"
  onSubmit={[Function]}
>
  <h1>
    [CreateDeck]
  </h1>
  <ForwardRef(WithStyles)
    id="deckName"
    label="Deck Name"
    margin="normal"
    required={true}
  />
  <br />
  <ForwardRef(WithStyles)
    id="deckDescription"
    label="Deck Description"
    margin="normal"
    multiline={true}
    placeholder="Deck Description"
    rowsMax="4"
  />
  <br />
  <br />
  <button
    data-testid="submit"
  >
    Submit
  </button>
</form>
`;
